tests/unit/functions/scoring.spec.ts(110,42): error TS2345: Argument of type '(drillCount: 0 | 1 | 2 | 10 | 5 | 20 | 3 | 9 | 99 | 4 | 6, expected: 0 | 1 | 0.7 | 0.3) => void' is not assignable to parameter of type '(...args: [0, 1, "1蝗樒岼"] | [1, 1, "2蝗樒岼"] | [2, 1, "3蝗樒岼"] | [3, 0.7, "4蝗樒岼"] | [4, 0.7, "5蝗樒岼"] | [5, 0.3, "6蝗樒岼"] | [6, 0.3, "7蝗樒岼"] | [9, 0.3, "10蝗樒岼"] | [10, 0, "11蝗樒岼"] | [20, 0, "21蝗樒岼"] | [...]) => any'.
  Types of parameters 'drillCount' and 'args' are incompatible.
    Type '[0, 1, "1蝗樒岼"] | [1, 1, "2蝗樒岼"] | [2, 1, "3蝗樒岼"] | [3, 0.7, "4蝗樒岼"] | [4, 0.7, "5蝗樒岼"] | [5, 0.3, "6蝗樒岼"] | [6, 0.3, "7蝗樒岼"] | [9, 0.3, "10蝗樒岼"] | [10, 0, "11蝗樒岼"] | [20, 0, "21蝗樒岼"] | [...]' is not assignable to type '[drillCount: 0 | 1 | 2 | 10 | 5 | 20 | 3 | 9 | 99 | 4 | 6, expected: 0 | 1 | 0.7 | 0.3]'.
      Type '[0, 1, "1蝗樒岼"]' is not assignable to type '[drillCount: 0 | 1 | 2 | 10 | 5 | 20 | 3 | 9 | 99 | 4 | 6, expected: 0 | 1 | 0.7 | 0.3]'.
        Source has 3 element(s) but target allows only 2.
